library     = lib/libSQIsign2D-lvl4.so
id          = sign-26
type        = sig
algorithm   = SQIsign2D-push1/2
instance    = SQIsign2D-lvl4
variant     = Reference_Implementation
source_dir  = Implementations/sqisign2d_lvl4
compiler    = gcc 14.2.0
build_flags = -O2 -fPIC -std=gnu11 -Wall -Wno-unused -Wno-unknown-pragmas -fno-strict-aliasing -fwrapv -fno-omit-frame-pointer -D_GNU_SOURCE 
pk_len      = 262
sk_len      = 1838
sn_len      = 593
lifting the two basis [95388]
4 xyz doubling [282657]
gluing comput [18839]
precomputation for the first codomain [197]
gluing eval [3185]
middle steps [1510133]
last two steps [1237]
splitting [40803]
lifting the two basis [95313]
4 xyz doubling [282558]
gluing comput [18848]
precomputation for the first codomain [196]
gluing eval [3185]
middle steps [1508663]
last two steps [1234]
splitting [40828]
lifting the two basis [95280]
4 xyz doubling [282474]
gluing comput [18846]
precomputation for the first codomain [195]
gluing eval [3189]
middle steps [1510571]
last two steps [1238]
splitting [40807]
lifting the two basis [95429]
4 xyz doubling [284168]
gluing comput [18864]
precomputation for the first codomain [196]
gluing eval [3180]
middle steps [1519554]
last two steps [1230]
splitting [40892]
lifting the two basis [95422]
4 xyz doubling [284406]
gluing comput [18887]
precomputation for the first codomain [197]
gluing eval [3190]
middle steps [1519779]
last two steps [1232]
splitting [40807]
lifting the two basis [95324]
4 xyz doubling [284201]
gluing comput [18872]
precomputation for the first codomain [196]
gluing eval [3189]
middle steps [1519725]
last two steps [1233]
splitting [40808]
lifting the two basis [95409]
4 xyz doubling [283382]
gluing comput [18876]
precomputation for the first codomain [197]
gluing eval [3188]
middle steps [1513090]
last two steps [1229]
splitting [40845]
lifting the two basis [95446]
4 xyz doubling [283396]
gluing comput [18851]
precomputation for the first codomain [196]
gluing eval [3190]
middle steps [1513930]
last two steps [1237]
splitting [40827]
lifting the two basis [95390]
4 xyz doubling [283457]
gluing comput [18862]
precomputation for the first codomain [196]
gluing eval [3188]
middle steps [1514603]
last two steps [1240]
splitting [40814]
lifting the two basis [95402]
4 xyz doubling [282887]
gluing comput [18872]
precomputation for the first codomain [198]
gluing eval [3188]
middle steps [1510652]
last two steps [1232]
splitting [40846]
lifting the two basis [95355]
4 xyz doubling [282692]
gluing comput [18859]
precomputation for the first codomain [197]
gluing eval [3190]
middle steps [1509456]
last two steps [1236]
splitting [40832]
lifting the two basis [95384]
4 xyz doubling [282988]
gluing comput [18869]
precomputation for the first codomain [196]
gluing eval [3190]
middle steps [1510851]
last two steps [1232]
splitting [40869]
lifting the two basis [95489]
4 xyz doubling [284145]
gluing comput [18862]
precomputation for the first codomain [198]
gluing eval [3187]
middle steps [1518040]
last two steps [1234]
splitting [40833]
lifting the two basis [95420]
4 xyz doubling [284432]
gluing comput [18859]
precomputation for the first codomain [197]
gluing eval [3189]
middle steps [1519582]
last two steps [1233]
splitting [40798]
lifting the two basis [95314]
4 xyz doubling [284359]
gluing comput [18853]
precomputation for the first codomain [198]
gluing eval [3190]
middle steps [1520047]
last two steps [1232]
splitting [40826]
lifting the two basis [95382]
4 xyz doubling [283294]
gluing comput [18856]
precomputation for the first codomain [197]
gluing eval [3191]
middle steps [1511833]
last two steps [1231]
splitting [40846]
lifting the two basis [95337]
4 xyz doubling [283060]
gluing comput [18871]
precomputation for the first codomain [196]
gluing eval [3185]
middle steps [1514366]
last two steps [1238]
splitting [40836]
lifting the two basis [95346]
4 xyz doubling [283125]
gluing comput [18868]
precomputation for the first codomain [197]
gluing eval [3188]
middle steps [1513031]
last two steps [1229]
splitting [40818]
lifting the two basis [95387]
4 xyz doubling [281495]
gluing comput [18874]
precomputation for the first codomain [197]
gluing eval [3191]
middle steps [1504174]
last two steps [1233]
splitting [40849]
lifting the two basis [95324]
4 xyz doubling [281553]
gluing comput [18883]
precomputation for the first codomain [196]
gluing eval [3181]
middle steps [1503999]
last two steps [1237]
splitting [40788]
lifting the two basis [95332]
4 xyz doubling [281531]
gluing comput [18846]
precomputation for the first codomain [198]
gluing eval [3199]
middle steps [1504110]
last two steps [1236]
splitting [40871]
lifting the two basis [95524]
4 xyz doubling [284052]
gluing comput [18903]
precomputation for the first codomain [198]
gluing eval [3202]
middle steps [1516839]
last two steps [1241]
splitting [40877]
lifting the two basis [95534]
4 xyz doubling [284134]
gluing comput [18895]
precomputation for the first codomain [198]
gluing eval [3200]
middle steps [1520308]
last two steps [1234]
splitting [40895]
lifting the two basis [95456]
4 xyz doubling [284020]
gluing comput [18888]
precomputation for the first codomain [197]
gluing eval [3193]
middle steps [1519719]
last two steps [1230]
splitting [40900]
lifting the two basis [95498]
4 xyz doubling [282815]
gluing comput [18898]
precomputation for the first codomain [198]
gluing eval [3193]
middle steps [1511653]
last two steps [1233]
splitting [40890]
lifting the two basis [95425]
4 xyz doubling [282430]
gluing comput [18853]
precomputation for the first codomain [196]
gluing eval [3188]
middle steps [1509925]
last two steps [1235]
splitting [40807]
lifting the two basis [95357]
4 xyz doubling [282488]
gluing comput [18854]
precomputation for the first codomain [196]
gluing eval [3187]
middle steps [1510194]
last two steps [1235]
splitting [40852]
lifting the two basis [95456]
4 xyz doubling [283252]
gluing comput [18859]
precomputation for the first codomain [196]
gluing eval [3186]
middle steps [1513544]
last two steps [1233]
splitting [40793]
lifting the two basis [95383]
4 xyz doubling [283245]
gluing comput [18869]
precomputation for the first codomain [196]
gluing eval [3177]
middle steps [1512593]
last two steps [1231]
splitting [40821]
lifting the two basis [95369]
4 xyz doubling [283104]
gluing comput [18861]
precomputation for the first codomain [197]
gluing eval [3185]
middle steps [1514942]
last two steps [1237]
splitting [40822]
timing  keygen 20955.669 ms  sign 19015.521 ms  verify 4643.526 ms (avg over 10)
wrote  kat/KAT_SIG_SQIsign2D-lvl4.txt (58054 bytes)
manifest 77a22e07a692d32bd8e5122503e1d2f38ca86faf6b3406e453bf419b86ada2cd strict KAT_SIG_SQIsign2D-lvl4.txt
RESULT sign-26 SQIsign2D-lvl4 PASS 
