library     = lib/libSQIsign2D-lvl1.so
id          = sign-26
type        = sig
algorithm   = SQIsign2D-push1/2
instance    = SQIsign2D-lvl1
variant     = Reference_Implementation
source_dir  = Implementations/sqisign2d_lvl1
compiler    = gcc 14.2.0
build_flags = -O2 -fPIC -std=gnu11 -Wall -Wno-unused -Wno-unknown-pragmas -fno-strict-aliasing -fwrapv -fno-omit-frame-pointer -D_GNU_SOURCE 
pk_len      = 64
sk_len      = 456
sn_len      = 150
lifting the two basis [1364]
4 xyz doubling [4635]
gluing comput [415]
precomputation for the first codomain [13]
gluing eval [197]
middle steps [18716]
last two steps [77]
splitting [607]
lifting the two basis [1374]
4 xyz doubling [4597]
gluing comput [413]
precomputation for the first codomain [13]
gluing eval [193]
middle steps [18543]
last two steps [78]
splitting [603]
lifting the two basis [1294]
4 xyz doubling [4247]
gluing comput [387]
precomputation for the first codomain [11]
gluing eval [184]
middle steps [17968]
last two steps [73]
splitting [587]
lifting the two basis [1364]
4 xyz doubling [4290]
gluing comput [405]
precomputation for the first codomain [12]
gluing eval [195]
middle steps [17114]
last two steps [74]
splitting [592]
lifting the two basis [1325]
4 xyz doubling [4167]
gluing comput [398]
precomputation for the first codomain [13]
gluing eval [190]
middle steps [17141]
last two steps [72]
splitting [586]
lifting the two basis [1282]
4 xyz doubling [4013]
gluing comput [385]
precomputation for the first codomain [12]
gluing eval [182]
middle steps [16914]
last two steps [77]
splitting [593]
lifting the two basis [1342]
4 xyz doubling [4353]
gluing comput [406]
precomputation for the first codomain [13]
gluing eval [190]
middle steps [17675]
last two steps [74]
splitting [590]
lifting the two basis [1333]
4 xyz doubling [4300]
gluing comput [402]
precomputation for the first codomain [13]
gluing eval [191]
middle steps [17584]
last two steps [76]
splitting [599]
lifting the two basis [1249]
4 xyz doubling [3940]
gluing comput [374]
precomputation for the first codomain [11]
gluing eval [178]
middle steps [16893]
last two steps [71]
splitting [576]
lifting the two basis [1356]
4 xyz doubling [4324]
gluing comput [403]
precomputation for the first codomain [12]
gluing eval [192]
middle steps [17762]
last two steps [73]
splitting [588]
lifting the two basis [1319]
4 xyz doubling [4207]
gluing comput [394]
precomputation for the first codomain [12]
gluing eval [185]
middle steps [17393]
last two steps [76]
splitting [590]
lifting the two basis [1275]
4 xyz doubling [4045]
gluing comput [383]
precomputation for the first codomain [12]
gluing eval [181]
middle steps [17165]
last two steps [78]
splitting [603]
lifting the two basis [1347]
4 xyz doubling [4394]
gluing comput [409]
precomputation for the first codomain [13]
gluing eval [194]
middle steps [17648]
last two steps [74]
splitting [586]
lifting the two basis [1360]
4 xyz doubling [4456]
gluing comput [411]
precomputation for the first codomain [13]
gluing eval [194]
middle steps [17456]
last two steps [72]
splitting [586]
lifting the two basis [1271]
4 xyz doubling [4066]
gluing comput [382]
precomputation for the first codomain [12]
gluing eval [181]
middle steps [17252]
last two steps [73]
splitting [596]
lifting the two basis [1361]
4 xyz doubling [4515]
gluing comput [406]
precomputation for the first codomain [13]
gluing eval [192]
middle steps [18323]
last two steps [75]
splitting [605]
lifting the two basis [1324]
4 xyz doubling [4413]
gluing comput [399]
precomputation for the first codomain [12]
gluing eval [188]
middle steps [17770]
last two steps [74]
splitting [592]
lifting the two basis [1293]
4 xyz doubling [4347]
gluing comput [393]
precomputation for the first codomain [12]
gluing eval [185]
middle steps [18103]
last two steps [74]
splitting [587]
lifting the two basis [1355]
4 xyz doubling [4479]
gluing comput [408]
precomputation for the first codomain [12]
gluing eval [196]
middle steps [17827]
last two steps [76]
splitting [603]
lifting the two basis [1337]
4 xyz doubling [4352]
gluing comput [402]
precomputation for the first codomain [12]
gluing eval [189]
middle steps [17694]
last two steps [74]
splitting [596]
lifting the two basis [1312]
4 xyz doubling [4211]
gluing comput [396]
precomputation for the first codomain [12]
gluing eval [187]
middle steps [17480]
last two steps [72]
splitting [584]
lifting the two basis [1351]
4 xyz doubling [4436]
gluing comput [403]
precomputation for the first codomain [12]
gluing eval [191]
middle steps [18287]
last two steps [75]
splitting [590]
lifting the two basis [1331]
4 xyz doubling [4403]
gluing comput [405]
precomputation for the first codomain [12]
gluing eval [190]
middle steps [17646]
last two steps [74]
splitting [580]
lifting the two basis [1299]
4 xyz doubling [4151]
gluing comput [391]
precomputation for the first codomain [11]
gluing eval [185]
middle steps [17652]
last two steps [73]
splitting [577]
lifting the two basis [1359]
4 xyz doubling [4343]
gluing comput [407]
precomputation for the first codomain [12]
gluing eval [195]
middle steps [17498]
last two steps [76]
splitting [597]
lifting the two basis [1320]
4 xyz doubling [4218]
gluing comput [400]
precomputation for the first codomain [12]
gluing eval [187]
middle steps [16860]
last two steps [71]
splitting [569]
lifting the two basis [1244]
4 xyz doubling [3795]
gluing comput [371]
precomputation for the first codomain [11]
gluing eval [172]
middle steps [16227]
last two steps [69]
splitting [565]
lifting the two basis [1365]
4 xyz doubling [4554]
gluing comput [414]
precomputation for the first codomain [13]
gluing eval [195]
middle steps [18432]
last two steps [77]
splitting [594]
lifting the two basis [1336]
4 xyz doubling [4394]
gluing comput [400]
precomputation for the first codomain [13]
gluing eval [189]
middle steps [17749]
last two steps [73]
splitting [585]
lifting the two basis [1286]
4 xyz doubling [4159]
gluing comput [386]
precomputation for the first codomain [11]
gluing eval [182]
middle steps [17418]
last two steps [73]
splitting [575]
timing  keygen 263.678 ms  sign 285.653 ms  verify 63.785 ms (avg over 10)
wrote  kat/KAT_SIG_SQIsign2D-lvl1.txt (17574 bytes)
manifest a96a0b8068969ab3418d3ada3d2da6a9ca7e4f2da2a01095de63a40ccc65378e strict KAT_SIG_SQIsign2D-lvl1.txt
RESULT sign-26 SQIsign2D-lvl1 PASS 
