library     = lib/libSQIsign2D-lvl3.so
id          = sign-26
type        = sig
algorithm   = SQIsign2D-push1/2
instance    = SQIsign2D-lvl3
variant     = Reference_Implementation
source_dir  = Implementations/sqisign2d_lvl3
compiler    = gcc 14.2.0
build_flags = -O2 -fPIC -std=gnu11 -Wall -Wno-unused -Wno-unknown-pragmas -fno-strict-aliasing -fwrapv -fno-omit-frame-pointer -D_GNU_SOURCE 
pk_len      = 128
sk_len      = 900
sn_len      = 293
lifting the two basis [12506]
4 xyz doubling [39927]
gluing comput [2915]
precomputation for the first codomain [55]
gluing eval [886]
middle steps [191148]
last two steps [349]
splitting [5531]
lifting the two basis [12606]
4 xyz doubling [40337]
gluing comput [2924]
precomputation for the first codomain [56]
gluing eval [893]
middle steps [190261]
last two steps [345]
splitting [5505]
lifting the two basis [12604]
4 xyz doubling [39164]
gluing comput [2926]
precomputation for the first codomain [56]
gluing eval [897]
middle steps [190050]
last two steps [342]
splitting [5441]
lifting the two basis [12590]
4 xyz doubling [40304]
gluing comput [2934]
precomputation for the first codomain [56]
gluing eval [899]
middle steps [191903]
last two steps [344]
splitting [5502]
lifting the two basis [12512]
4 xyz doubling [39525]
gluing comput [2907]
precomputation for the first codomain [55]
gluing eval [888]
middle steps [192295]
last two steps [347]
splitting [5486]
lifting the two basis [12561]
4 xyz doubling [39880]
gluing comput [2921]
precomputation for the first codomain [55]
gluing eval [893]
middle steps [191322]
last two steps [347]
splitting [5500]
lifting the two basis [12630]
4 xyz doubling [40181]
gluing comput [2923]
precomputation for the first codomain [56]
gluing eval [898]
middle steps [192852]
last two steps [351]
splitting [5519]
lifting the two basis [12617]
4 xyz doubling [40387]
gluing comput [2931]
precomputation for the first codomain [56]
gluing eval [896]
middle steps [192105]
last two steps [348]
splitting [5501]
lifting the two basis [12538]
4 xyz doubling [39748]
gluing comput [2913]
precomputation for the first codomain [55]
gluing eval [887]
middle steps [191257]
last two steps [345]
splitting [5490]
lifting the two basis [12610]
4 xyz doubling [39610]
gluing comput [2935]
precomputation for the first codomain [56]
gluing eval [898]
middle steps [189514]
last two steps [350]
splitting [5506]
lifting the two basis [12597]
4 xyz doubling [39501]
gluing comput [2927]
precomputation for the first codomain [55]
gluing eval [892]
middle steps [189163]
last two steps [345]
splitting [5490]
lifting the two basis [12577]
4 xyz doubling [39627]
gluing comput [2931]
precomputation for the first codomain [56]
gluing eval [898]
middle steps [189567]
last two steps [347]
splitting [5496]
lifting the two basis [12598]
4 xyz doubling [40321]
gluing comput [2944]
precomputation for the first codomain [57]
gluing eval [903]
middle steps [192390]
last two steps [344]
splitting [5486]
lifting the two basis [12611]
4 xyz doubling [40111]
gluing comput [2921]
precomputation for the first codomain [55]
gluing eval [894]
middle steps [192388]
last two steps [345]
splitting [5499]
lifting the two basis [12521]
4 xyz doubling [39771]
gluing comput [2906]
precomputation for the first codomain [55]
gluing eval [884]
middle steps [191723]
last two steps [345]
splitting [5484]
lifting the two basis [12605]
4 xyz doubling [40287]
gluing comput [2931]
precomputation for the first codomain [56]
gluing eval [895]
middle steps [193291]
last two steps [347]
splitting [5503]
lifting the two basis [12599]
4 xyz doubling [40556]
gluing comput [2931]
precomputation for the first codomain [56]
gluing eval [896]
middle steps [192581]
last two steps [347]
splitting [5499]
lifting the two basis [12496]
4 xyz doubling [39910]
gluing comput [2915]
precomputation for the first codomain [55]
gluing eval [888]
middle steps [193207]
last two steps [346]
splitting [5498]
lifting the two basis [12617]
4 xyz doubling [40026]
gluing comput [2904]
precomputation for the first codomain [55]
gluing eval [897]
middle steps [190997]
last two steps [343]
splitting [5495]
lifting the two basis [12583]
4 xyz doubling [39789]
gluing comput [2919]
precomputation for the first codomain [55]
gluing eval [892]
middle steps [190503]
last two steps [345]
splitting [5505]
lifting the two basis [12434]
4 xyz doubling [40343]
gluing comput [2938]
precomputation for the first codomain [56]
gluing eval [896]
middle steps [191330]
last two steps [342]
splitting [5486]
lifting the two basis [12636]
4 xyz doubling [40682]
gluing comput [2940]
precomputation for the first codomain [56]
gluing eval [899]
middle steps [193597]
last two steps [347]
splitting [5528]
lifting the two basis [12573]
4 xyz doubling [39322]
gluing comput [2918]
precomputation for the first codomain [56]
gluing eval [870]
middle steps [192600]
last two steps [348]
splitting [5503]
lifting the two basis [12556]
4 xyz doubling [40063]
gluing comput [2881]
precomputation for the first codomain [54]
gluing eval [879]
middle steps [192849]
last two steps [344]
splitting [5482]
lifting the two basis [12613]
4 xyz doubling [40207]
gluing comput [2938]
precomputation for the first codomain [56]
gluing eval [902]
middle steps [191247]
last two steps [346]
splitting [5509]
lifting the two basis [12608]
4 xyz doubling [40066]
gluing comput [2926]
precomputation for the first codomain [55]
gluing eval [888]
middle steps [191585]
last two steps [345]
splitting [5505]
lifting the two basis [12512]
4 xyz doubling [39653]
gluing comput [2907]
precomputation for the first codomain [55]
gluing eval [891]
middle steps [192163]
last two steps [343]
splitting [5478]
lifting the two basis [12642]
4 xyz doubling [40080]
gluing comput [2932]
precomputation for the first codomain [56]
gluing eval [897]
middle steps [192154]
last two steps [344]
splitting [5514]
lifting the two basis [12613]
4 xyz doubling [40252]
gluing comput [2931]
precomputation for the first codomain [56]
gluing eval [895]
middle steps [192129]
last two steps [347]
splitting [5494]
lifting the two basis [12509]
4 xyz doubling [39766]
gluing comput [2918]
precomputation for the first codomain [55]
gluing eval [888]
middle steps [191967]
last two steps [345]
splitting [5501]
timing  keygen 2666.629 ms  sign 2479.427 ms  verify 617.090 ms (avg over 10)
wrote  kat/KAT_SIG_SQIsign2D-lvl3.txt (30604 bytes)
manifest e720265768c4e14868f1a660b631c77a763c3474173c09997f81125afa392018 strict KAT_SIG_SQIsign2D-lvl3.txt
RESULT sign-26 SQIsign2D-lvl3 MISMATCH KAT_SIG_SQIsign2D-lvl3.txt: sha256 daff2254d08afe8795b70c51dd4cf286bd4e9a4a70ddc10a79ae3ca38d203a31 != manifest e720265768c4e14868f1a660b631c77a763c3474173c09997f81125afa392018
