library     = lib/libSQIsign2D-lvl2.so
id          = sign-26
type        = sig
algorithm   = SQIsign2D-push1/2
instance    = SQIsign2D-lvl2
variant     = Reference_Implementation
source_dir  = Implementations/sqisign2d_lvl2
compiler    = gcc 14.2.0
build_flags = -O2 -fPIC -std=gnu11 -Wall -Wno-unused -Wno-unknown-pragmas -fno-strict-aliasing -fwrapv -fno-omit-frame-pointer -D_GNU_SOURCE 
pk_len      = 96
sk_len      = 676
sn_len      = 218
lifting the two basis [4355]
4 xyz doubling [12448]
gluing comput [1080]
precomputation for the first codomain [25]
gluing eval [400]
middle steps [58916]
last two steps [157]
splitting [1913]
lifting the two basis [4314]
4 xyz doubling [12349]
gluing comput [1061]
precomputation for the first codomain [25]
gluing eval [392]
middle steps [58289]
last two steps [156]
splitting [1891]
lifting the two basis [4335]
4 xyz doubling [13191]
gluing comput [1102]
precomputation for the first codomain [26]
gluing eval [409]
middle steps [58883]
last two steps [160]
splitting [1902]
lifting the two basis [4364]
4 xyz doubling [13158]
gluing comput [1099]
precomputation for the first codomain [26]
gluing eval [409]
middle steps [59525]
last two steps [161]
splitting [1922]
lifting the two basis [4373]
4 xyz doubling [13363]
gluing comput [1104]
precomputation for the first codomain [26]
gluing eval [412]
middle steps [58622]
last two steps [158]
splitting [1908]
lifting the two basis [4329]
4 xyz doubling [13225]
gluing comput [1103]
precomputation for the first codomain [26]
gluing eval [419]
middle steps [59148]
last two steps [157]
splitting [1907]
lifting the two basis [4345]
4 xyz doubling [13372]
gluing comput [1106]
precomputation for the first codomain [26]
gluing eval [414]
middle steps [59629]
last two steps [161]
splitting [1905]
lifting the two basis [4332]
4 xyz doubling [13412]
gluing comput [1103]
precomputation for the first codomain [26]
gluing eval [421]
middle steps [60316]
last two steps [162]
splitting [1920]
lifting the two basis [4333]
4 xyz doubling [13187]
gluing comput [1095]
precomputation for the first codomain [26]
gluing eval [407]
middle steps [59189]
last two steps [161]
splitting [1914]
lifting the two basis [4353]
4 xyz doubling [13428]
gluing comput [1112]
precomputation for the first codomain [26]
gluing eval [417]
middle steps [59597]
last two steps [162]
splitting [1913]
lifting the two basis [4318]
4 xyz doubling [13252]
gluing comput [1095]
precomputation for the first codomain [25]
gluing eval [408]
middle steps [59567]
last two steps [159]
splitting [1910]
lifting the two basis [4274]
4 xyz doubling [12890]
gluing comput [1089]
precomputation for the first codomain [25]
gluing eval [403]
middle steps [59066]
last two steps [157]
splitting [1905]
lifting the two basis [4370]
4 xyz doubling [13428]
gluing comput [1106]
precomputation for the first codomain [26]
gluing eval [410]
middle steps [59969]
last two steps [160]
splitting [1909]
lifting the two basis [4354]
4 xyz doubling [13342]
gluing comput [1100]
precomputation for the first codomain [25]
gluing eval [405]
middle steps [58854]
last two steps [156]
splitting [1912]
lifting the two basis [4275]
4 xyz doubling [13046]
gluing comput [1086]
precomputation for the first codomain [25]
gluing eval [402]
middle steps [58153]
last two steps [154]
splitting [1889]
lifting the two basis [4207]
4 xyz doubling [13127]
gluing comput [1091]
precomputation for the first codomain [26]
gluing eval [406]
middle steps [59259]
last two steps [160]
splitting [1908]
lifting the two basis [4348]
4 xyz doubling [13171]
gluing comput [1097]
precomputation for the first codomain [25]
gluing eval [406]
middle steps [58807]
last two steps [157]
splitting [1893]
lifting the two basis [4336]
4 xyz doubling [13329]
gluing comput [1108]
precomputation for the first codomain [26]
gluing eval [414]
middle steps [59423]
last two steps [163]
splitting [1929]
lifting the two basis [4370]
4 xyz doubling [13447]
gluing comput [1110]
precomputation for the first codomain [27]
gluing eval [415]
middle steps [59808]
last two steps [160]
splitting [1920]
lifting the two basis [4342]
4 xyz doubling [13207]
gluing comput [1098]
precomputation for the first codomain [26]
gluing eval [414]
middle steps [58844]
last two steps [158]
splitting [1909]
lifting the two basis [4282]
4 xyz doubling [12721]
gluing comput [1081]
precomputation for the first codomain [26]
gluing eval [399]
middle steps [58790]
last two steps [165]
splitting [1942]
lifting the two basis [4348]
4 xyz doubling [13430]
gluing comput [1133]
precomputation for the first codomain [27]
gluing eval [423]
middle steps [60085]
last two steps [156]
splitting [1902]
lifting the two basis [4353]
4 xyz doubling [13475]
gluing comput [1101]
precomputation for the first codomain [26]
gluing eval [409]
middle steps [59818]
last two steps [161]
splitting [1904]
lifting the two basis [4309]
4 xyz doubling [13087]
gluing comput [1104]
precomputation for the first codomain [26]
gluing eval [408]
middle steps [59201]
last two steps [156]
splitting [1890]
lifting the two basis [4372]
4 xyz doubling [13584]
gluing comput [1115]
precomputation for the first codomain [26]
gluing eval [415]
middle steps [59713]
last two steps [161]
splitting [1920]
lifting the two basis [4363]
4 xyz doubling [13453]
gluing comput [1102]
precomputation for the first codomain [26]
gluing eval [414]
middle steps [59728]
last two steps [163]
splitting [1913]
lifting the two basis [4319]
4 xyz doubling [13260]
gluing comput [1095]
precomputation for the first codomain [25]
gluing eval [406]
middle steps [58952]
last two steps [157]
splitting [1896]
lifting the two basis [4372]
4 xyz doubling [13310]
gluing comput [1098]
precomputation for the first codomain [25]
gluing eval [412]
middle steps [58735]
last two steps [159]
splitting [1922]
lifting the two basis [4370]
4 xyz doubling [13230]
gluing comput [1101]
precomputation for the first codomain [26]
gluing eval [411]
middle steps [59314]
last two steps [160]
splitting [1914]
lifting the two basis [4324]
4 xyz doubling [13047]
gluing comput [1098]
precomputation for the first codomain [26]
gluing eval [407]
middle steps [59005]
last two steps [166]
splitting [1926]
timing  keygen 921.832 ms  sign 1964.593 ms  verify 210.422 ms (avg over 10)
wrote  kat/KAT_SIG_SQIsign2D-lvl2.txt (23974 bytes)
manifest b98cdb89d6654b2020a8c20b25683b79abe4ff480738d458dedb3ca6b2c3af97 strict KAT_SIG_SQIsign2D-lvl2.txt
RESULT sign-26 SQIsign2D-lvl2 PASS 
